........................................................................ [  3%]
........................................................................ [  6%]
........................................................................ [ 10%]
........................................................................ [ 13%]
........................................................................ [ 17%]
........................................................................ [ 20%]
........................................................................ [ 24%]
........................................................................ [ 27%]
........................................................................ [ 31%]
........................................................................ [ 34%]
........................................................................ [ 38%]
........................................................................ [ 41%]
........................................................................ [ 45%]
........................................................................ [ 48%]
........................................................................ [ 52%]
........................................................................ [ 55%]
........................................................................ [ 59%]
........................................................................ [ 62%]
........................................................................ [ 66%]
........................................................................ [ 69%]
........................................................................ [ 73%]
........................................................................ [ 76%]
........................................................................ [ 80%]
........................................................................ [ 83%]
........................................................................ [ 86%]
........................................................................ [ 90%]
........................................................................ [ 93%]
........................................................................ [ 97%]
......................................................                   [100%]
============================ slowest 20 durations =============================
1.76s call     tests/test_phase67_pi6_2_eta2_nu_prime.py::test_phase67_6_reuses_derived_prop56
0.36s call     tests/test_phase67_probe.py::test_phase67_probe_reuses_nu_prime_hypothesis
0.27s call     tests/test_phase75_515_pi15_8_final_group.py::test_phase75_8e4_reuses_transported_decomposition
0.23s call     tests/test_phase68_applicability_provenance.py::test_phase68_12_final_is_prop58_aggregate
0.18s call     tests/test_phase68_pi8_4_decomposition.py::test_phase68_4_reuses_derived_toda56
0.12s call     tests/test_phase73_pi13_7_nu7_squared.py::test_phase73_7c_reuses_prop51
0.11s call     tests/test_phase72_probe.py::test_phase72_probe_derives_corrected_final_statement
0.07s call     tests/test_phase75_514_second_short_exact.py::test_phase75_7a_reuses_delta_eta13
0.06s call     tests/test_phase73_pi14_8_nu8_squared.py::test_phase73_8a3_derives_pi14_8_nu8_squared
0.06s call     tests/test_phase73_513_delta_eta13.py::test_phase73_6c_reuses_corrected_lemma510
0.06s call     tests/test_phase72r8_corrected_lemma510_integration.py::test_phase72r8_eta8_two_iota9_zero_is_inference
0.05s call     tests/test_phase72r7_primary_composition_indeterminacy.py::test_phase72r7_pi11_s9_finiteness_is_inference
0.03s call     tests/test_phase75_probe.py::test_phase75_probe_derives_final_aggregate
0.03s call     tests/test_phase75_prop515_integration.py::test_phase75_9_all_direct_mathematical_branches_are_inference
0.02s call     tests/test_phase75_prop515_integration.py::test_phase75_9_rejects_wrong_pi12_5_order
0.02s call     tests/test_phase70_applicability_provenance.py::test_phase70_11_final_is_prop59_aggregate
0.02s call     tests/test_phase75_prop515_integration.py::test_phase75_9_rejects_wrong_higher_order
0.01s call     tests/test_phase74_lemma512_applicability_provenance.py::test_phase74_9_final_is_inference
0.01s call     tests/test_phase75_prop515_integration.py::test_phase75_9_rejects_wrong_higher_range
0.01s call     tests/test_phase74_probe.py::test_phase74_probe_derives_final_statement
2070 passed, 8327 deselected in 19.63s
