........................................................................ [  3%]
........................................................................ [  7%]
........................................................................ [ 10%]
........................................................................ [ 14%]
........................................................................ [ 17%]
........................................................................ [ 21%]
........................................................................ [ 24%]
........................................................................ [ 28%]
........................................................................ [ 31%]
........................................................................ [ 35%]
........................................................................ [ 38%]
........................................................................ [ 42%]
........................................................................ [ 45%]
........................................................................ [ 49%]
........................................................................ [ 52%]
........................................................................ [ 56%]
........................................................................ [ 59%]
........................................................................ [ 63%]
........................................................................ [ 66%]
........................................................................ [ 70%]
........................................................................ [ 73%]
........................................................................ [ 77%]
........................................................................ [ 80%]
........................................................................ [ 84%]
........................................................................ [ 87%]
........................................................................ [ 91%]
........................................................................ [ 94%]
........................................................................ [ 98%]
........................................                                 [100%]
============================ slowest 20 durations =============================
1.02s call     tests/test_phase60_lemma54_integration.py::test_phase60_9_reuses_derived_membership
0.81s call     tests/test_phase59_prop53_integration.py::test_phase59_8_reuses_three_low_dimensional_results
0.69s call     tests/test_phase57_lemma52_integration.py::test_phase57_7_derives_hopf_value
0.42s call     tests/test_phase65_nu5_order_pi8_5.py::test_phase65_7_reuses_derived_toda55
0.41s call     tests/test_phase59_pi6_4_eta4_squared.py::test_phase59_6_reuses_phase59_5_suspension_isomorphism
0.40s call     tests/test_phase67_lemma57_n3_zero_reflection.py::test_phase67_4_reuses_phase67_3_double_suspension_zero
0.36s call     tests/test_phase59_pi5_3_eta3_squared.py::test_phase59_4_transport_rule_matches_derived_dependencies
0.35s call     tests/test_phase59_pi6_4_eta4_squared.py::test_phase59_6_derives_pi6_4_order_two_eta4_squared
0.34s call     tests/test_phase59_eta4_squared_stable_transport.py::test_phase59_7_final_provenance_uses_three_dependencies
0.34s call     tests/test_phase59_eta4_squared_stable_transport.py::test_phase59_7_reuses_phase46_toda45_isomorphism
0.33s call     tests/test_phase59_n3_ehp_chain.py::test_phase59_3_reaches_fixed_point
0.33s call     tests/test_phase59_n3_ehp_chain.py::test_phase59_3_reuses_phase58_hopf_eta5
0.31s call     tests/test_phase57_indeterminacy_vanishing.py::test_phase57_6_toda21_rejects_given_two_eta4_zero
0.23s call     tests/test_phase59_pi6_4_eta4_squared.py::test_phase59_6_eta3_squared_uses_composition
0.23s call     tests/test_phase59_pi5_3_eta3_squared.py::test_phase59_4_derives_e_eta2_squared_equals_eta3_squared
0.23s call     tests/test_phase59_pi5_3_eta3_squared.py::test_phase59_4_eta2_squared_uses_composition
0.23s call     tests/test_phase59_pi5_3_eta3_squared.py::test_phase59_4_rejects_given_pi4_2_relation
0.22s call     tests/test_phase59_pi6_4_eta4_squared.py::test_phase59_6_derives_e_eta3_squared_equals_eta4_squared
0.22s call     tests/test_phase59_pi5_3_eta3_squared.py::test_phase59_4_bridge_rule_matches_eta_definitions
0.22s call     tests/test_phase59_pi6_4_eta4_squared.py::test_phase59_6_eta5_definition_is_existing_definition
2056 passed, 8341 deselected in 43.79s
