........................................................................ [  3%]
........................................................................ [  7%]
........................................................................ [ 11%]
........................................................................ [ 15%]
........................................................................ [ 19%]
........................................................................ [ 23%]
........................................................................ [ 27%]
........................................................................ [ 30%]
........................................................................ [ 34%]
........................................................................ [ 38%]
........................................................................ [ 42%]
........................................................................ [ 46%]
........................................................................ [ 50%]
........................................................................ [ 54%]
........................................................................ [ 58%]
........................................................................ [ 61%]
........................................................................ [ 65%]
........................................................................ [ 69%]
........................................................................ [ 73%]
........................................................................ [ 77%]
........................................................................ [ 81%]
........................................................................ [ 85%]
........................................................................ [ 88%]
........................................................................ [ 92%]
........................................................................ [ 96%]
..............................................................           [100%]
============================ slowest 20 durations =============================
10.50s call     tests/test_algebra.py::test_finite_presentation_crosscheck
8.59s call     tests/test_phase103_production_applicability_validation.py::test_phase103_6_default_standard_catalog_is_used
6.42s call     tests/test_phase103_cli_applicability.py::test_phase103_6_actual_explore_applicable_renders_production_result
6.16s call     tests/test_phase103_6d4_relevance_metadata_propagation.py::test_phase103_6d4_rule_family_preserves_classified_catalog_entries
4.79s call     tests/test_phase103_6d4_relevance_metadata_propagation.py::test_phase103_6d4_group_presentation_preserves_catalog_entry_category
3.89s call     tests/test_phase103_6d4_relevance_metadata_propagation.py::test_phase103_6d4_theorem_category_reaches_nu_prime_candidate
3.36s call     tests/test_phase103_production_applicability_validation.py::test_phase103_6_production_nu_prime_has_applicability_candidate
2.84s call     tests/test_phase100_minimal_cli.py::test_phase100_4_group_command_renders_found_report
1.59s call     tests/test_algebra.py::test_finite_exactness_presentation_crosscheck
1.44s call     tests/test_phase102_production_scope_facade.py::test_phase102_6_production_facade_is_deterministic
1.27s call     tests/test_phase102_production_scope_facade.py::test_phase102_6_matches_manual_production_path
1.01s call     tests/test_phase102_production_scope_facade.py::test_phase102_6_reuses_existing_nu_prime_alias_resolution[nu_prime]
0.95s call     tests/test_phase103_production_applicability_validation.py::test_phase103_6_unknown_generator_is_valid_zero_result
0.87s call     tests/test_phase100_prop511_zero_bootstrap.py::test_phase100_12b3_zero_argument_bootstrap_is_fresh
0.83s call     tests/test_phase102_production_scope_facade.py::test_phase102_6_reuses_existing_nu_prime_alias_resolution[nu']
0.80s call     tests/test_phase100_12b_standard_repository_integration.py::test_phase100_12b_standard_integration_builds_repository
0.77s call     tests/test_phase103_cli_applicability.py::test_phase103_6_explore_applicable_zero_result_is_zero_exit
0.76s call     tests/test_phase102_production_scope_facade.py::test_phase102_6_nu_prime_result_includes_membership_element_occurrence
0.72s call     tests/test_phase103_generator_applicability_renderer.py::test_phase103_5_renderer_renders_candidate_metadata
0.67s call     tests/test_phase102_cli_proof_scope.py::test_phase102_7_actual_explore_proof_renders_production_semantics
1862 passed, 8535 deselected in 140.45s (0:02:20)
